sudo apt-get update
sudo apt install tree
tree --version
mkdir repogit
ls
cd repogit
git clone https://github.com/upszot/UTN-FRA_SO_Examenes.git
git clone git@github.com:RamiroZucco/UTNFRA_SO_1P2C_2024_zucco.git
ls
git clone git@github.com:RamiroZucco/UTNFRA_SO_1P2C_2024_zucco.git
ssh-keygen
cd ..
cd repogit
ls
cd ..
ls
cd id_rsa.pub
cat id_rsa,pub
cd .ssh
cat id_rsa.pub
cd ..
cd repogit
git clone git@github.com:RamiroZucco/UTNFRA_SO_1P2C_2024_zucco.git
ls
git clone git@github.com:RamiroZucco/UTNFRA_SO_1P2C_2024_zucco.git
ls
./UTN-FRA_SO_Examenes/202410/script_Precondicion.sh
source ~/.bashrc && history -a
source  ~/.bashrc  && history -a
tree UTNFRA_SO_1P2C_2024_zucco
cd RTA_SCRIPT_Examen_20241017
cd UTNFRA_SO_1P2C_2024_zucco
cd RTA_SCRIPT_Examen_20241017
ls
cd
mkdir -p /Examenes-UTN/{alumno_1/{parcial_1,parcial_2,parcial_3},alumno_2/{parcial_1,parcial_2,parcial_3},alumno_3/{parcial_1,parcial_2,parcial_3},profesores}
sudo mkdir -p /Examenes-UTN/{alumno_1/{parcial_1,parcial_2,parcial_3},alumno_2/{parcial_1,parcial_2,parcial_3},alumno_3/{parcial_1,parcial_2,parcial_3},profesores}
tree
ls -a
tree /Examenes-UTN/
rm -rf /Examenes-UTN
sudo rm -rf /Examenes-UTN
tree Examenes-UTN
sudo mkdir -p /Examenes-UTN/{alumno_{1..3}/parcial_{1..3},profesores}
tree Examenes-UTN
tree /Examenes-UTN/
vim Punto_A.sh
git add .
cd repogit
git add .
cd UTNFRA_SO_1P2C_2024_zucco
git add .
git commit -m Estructura creada Punto A
git commit -m "Estructura creada Punto A"
git config --global user.name "ramir"
git push origin main
git config --global user.name "RamiroZucco"
git config --global user.email "zuccoramiro@gmail.com"
git commit --amend --reset-author
[200~git push --force origin main
~git push --force origin main
git push --force origin main
cd
vim Punto_A.sh
cd repogit
cat Punto_A.sh
cd UTNFRA_SO_1P2C_2024_zucco
lsa
ls
cd RTA_SCRIPT_Examen_20241017
ls
cd Punto_A.sh
cat punto_A.sh
cat Punto_A.sh
vim Punto_A.sh
cat Punto_A.sh
git add .
git status
git commit -m "Archivo Punto A scripteado"
git push origin main
vim Punto_A.sh
git add .
git commit -m "Punto A corregido"
git push origin main
cd
lsblk
sudo fdisk devsdc
agrant@VMParci
sudo fdisk -l
sudo fdisk /dev/sdc
sudo fdisk /dev/sdc << EOF
n
p
1
+1G
n
p
2
+1G
n
p
3
+1G
n
p
4
+1G
n
e
5
+1G
n
6
+1G
n
7
+1G
n
8
+1G
n
9
+1G
n
10
+1G
w
EOF

# Mostrando las particiones creadas
echo "Mis particiones en /dev/sdc"
w
EOF
sudo fdisk /dev/sdc << EOF
n
p
1

+1G
n
p
2

+1G
n
p
3

+1G
n
p
4

+1G
n
e


n
5

+1G
n
6

+1G
n
7

+1G
n
8

+1G
n
9

+1G
n
10

+1G
w
EOF

sudo fdisk /dev/sdc
sudo fdisk /dev/sdc << EOF
n
p
1

+1G
n
p
2

+1G
n
p
3

+1G
n
p
4

+1G
n
e
5


n
l

+1G
n
l

+1G
n
l

+1G
n
l

+1G
n
l

+1G
n
l

+1G
w
EOF

sudo fdisk /dev/sdc
history -a
ls 
repogit
ls
cd repogit
ls
cd UTNFRA_SO_1P2C_2024_zucco
ls
git add . 
git status
sudo fdisk /dev/sdc
sudo fdisk /dev/sdc << EOF
n
p
1

+1G
n
p
2

+1G
n
p
3

+1G
n
e
4


n
l
5

+1G
n
l
6

+1G
n
l
7

+1G
n
l
8

+1G
n
l
9

+1G
n
l
10

+1G
n
l
11


w
EOF

sudo fdisk /dev/sdc
sudo fdisk /dev/sdc << EOF
n
p
1

+1G
n
p
2

+1G
n
p
3

+1G
n
e
4


n
l
5

+1G
n
l
6

+1G
n
l
7

+1G
n
l
8

+1G
n
l
9

+1G
n
l
10

+1G
n
l
11


w
EOF

sudo fdisk /dev/sdc
fdisk(8)
fdisk
sudo fdisk /dev/sdc
sudo fdisk devsdc
sudo fdisk /dev/sdc
sudo fdisk -l
sudo fdisk /dev/sdc
sudo fdisk /dev/sdc << EOF
n
p
1

+1G
n
p
2

+1G
n
p
3

+1G
n
e
4


n
l
5

+1G
n
l
6

+1G
n
l
7

+1G
n
l
8

+1G
n
l
9

+1G
n
l
10

+1G
n
l
11


w
EOF

sudo fdisk /dev/sdc
lsblk
sudo mkfs.ext4 /dev/sdc1
sudo mkfs.ext4 /dev/sdc2
sudo mkfs.ext4 /dev/sdc3
sudo mkfs.ext4 /dev/sdc4
sudo mkfs.ext4 /dev/sdc5
sudo mkfs.ext4 /dev/sdc6
sudo mkfs.ext4 /dev/sdc7
sudo mkfs.ext4 /dev/sdc8
sudo mkfs.ext4 /dev/sdc9
sudo mkfs.ext4 /dev/sdc10
sudo mkfs.ext4 /dev/sdc11
lsblk
sudo lsblk -f
sudo mkfs.ext4 /dev/sdc4
sudo mount /dev/sdc1 /Examenes-UTN/alumno_1/parcial_1
sudo mount /dev/sdc2 /Examenes-UTN/alumno_1/parcial_2
sudo mount /dev/sdc3 /Examenes-UTN/alumno_1/parcial_3
sudo mount /dev/sdc5 /Examenes-UTN/alumno_2/parcial_1
sudo mount /dev/sdc6 /Examenes-UTN/alumno_2/parcial_2
sudo mount /dev/sdc7 /Examenes-UTN/alumno_2/parcial_3
sudo mount /dev/sdc8 /Examenes-UTN/alumno_3/parcial_1
sudo mount /dev/sdc9 /Examenes-UTN/alumno_3/parcial_2
sudo mount /dev/sdc10 /Examenes-UTN/alumno_3/parcial_3
sudo mount /dev/sdc11 /Examenes-UTN/profesor/
tree /Examenes-UTN/
sudo mount /dev/sdc11 /Examenes-UTN/profesores
tree /Examenes-UTN/
sudo blkid
cat << EOF >> /etc/fstab EOF
DS
EOF

cat << EOF >> /etc/fstab
UUID=0d2ccdd9-9557-4200-8cc7-68e79c5629c9 /Examenes-UTN/alumno_1/parcial_1 ext4 defaults 0 0
UUID=b0d1a776-ddf8-4184-bfb0-a388d091f3d2 /Examenes-UTN/alumno_1/parcial_2 ext4 defaults 0 0
UUID=39c11601-5700-4f4a-831a-ad848269b9b6 /Examenes-UTN/alumno_1/parcial_3 ext4 defaults 0 0
UUID=ca69a617-a42c-4555-93f3-0c5ebe762ed1 /Examenes-UTN/alumno_2/parcial_1 ext4 defaults 0 0
UUID=34455b9e-a5f7-402e-aec4-7b60dbc36fe0 /Examenes-UTN/alumno_2/parcial_2 ext4 defaults 0 0
UUID=70de8ded-d0f0-4439-b863-6cba5d72fe26 /Examenes-UTN/alumno_2/parcial_3 ext4 defaults 0 0
UUID=a28df26f-d565-4e6a-8462-09f91e4b0aee /Examenes-UTN/alumno_3/parcial_1 ext4 defaults 0 0
UUID=6e39aafb-3c25-4d54-b7e1-c52f2d7d3da4 /Examenes-UTN/alumno_3/parcial_2 ext4 defaults 0 0
UUID=f52fc10f-d8f7-49b8-bc36-ea6d5354387f /Examenes-UTN/alumno_3/parcial_3 ext4 defaults 0 0
UUID=f367fbb7-d26f-4b1b-9de5-244af75c2157 /Examenes-UTN/profesores/ ext4 defaults 0 0
EOF

sudo cat << EOF >> /etc/fstab
UUID=0d2ccdd9-9557-4200-8cc7-68e79c5629c9 /Examenes-UTN/alumno_1/parcial_1 ext4 defaults 0 0
UUID=b0d1a776-ddf8-4184-bfb0-a388d091f3d2 /Examenes-UTN/alumno_1/parcial_2 ext4 defaults 0 0
UUID=39c11601-5700-4f4a-831a-ad848269b9b6 /Examenes-UTN/alumno_1/parcial_3 ext4 defaults 0 0
UUID=ca69a617-a42c-4555-93f3-0c5ebe762ed1 /Examenes-UTN/alumno_2/parcial_1 ext4 defaults 0 0
UUID=34455b9e-a5f7-402e-aec4-7b60dbc36fe0 /Examenes-UTN/alumno_2/parcial_2 ext4 defaults 0 0
UUID=70de8ded-d0f0-4439-b863-6cba5d72fe26 /Examenes-UTN/alumno_2/parcial_3 ext4 defaults 0 0
UUID=a28df26f-d565-4e6a-8462-09f91e4b0aee /Examenes-UTN/alumno_3/parcial_1 ext4 defaults 0 0
UUID=6e39aafb-3c25-4d54-b7e1-c52f2d7d3da4 /Examenes-UTN/alumno_3/parcial_2 ext4 defaults 0 0
UUID=f52fc10f-d8f7-49b8-bc36-ea6d5354387f /Examenes-UTN/alumno_3/parcial_3 ext4 defaults 0 0
UUID=f367fbb7-d26f-4b1b-9de5-244af75c2157 /Examenes-UTN/profesores/ ext4 defaults 0 0
EOF

sudo bash -c 'cat << EOF >> /etc/fstab
UUID=0d2ccd9b-9557-4200-8cc7-68e79c6929c /Examenes-UTN/alumno_1/parcial_1 ext4 defaults 0 0
UUID=b0da1776-ddb4-4184-bf10-a38ad091f3d2 /Examenes-UTN/alumno_1/parcial_2 ext4 defaults 0 0
UUID=39c10165-5700-4f4a-831a-add84269bb96 /Examenes-UTN/alumno_1/parcial_3 ext4 defaults 0 0
UUID=ca69a617-a24c-4555-93f3-0c5eb762ded1 /Examenes-UTN/alumno_2/parcial_1 ext4 defaults 0 0
UUID=34455b9e-a5f7-402e-aeac7-b6c0dbc36fe0 /Examenes-UTN/alumno_2/parcial_2 ext4 defaults 0 0
UUID=70edbedd-d0fa-4439-b863-66ba7d2f2e06 /Examenes-UTN/alumno_2/parcial_3 ext4 defaults 0 0
UUID=a28df26f-dc65-4e6a-8462-05f91e4b0aee /Examenes-UTN/alumno_3/parcial_1 ext4 defaults 0 0
UUID=6e03a9afb-3c25-4b71-c5f27d4b3d44 /Examenes-UTN/alumno_3/parcial_2 ext4 defaults 0 0
UUID=fb52fc10-8df7-49b8-b36e-ea6d5353487f /Examenes-UTN/alumno_3/parcial_3 ext4 defaults 0 0
UUID=f3677bb7-d26f-4b1b-9de5-244af75c2157 /Examenes-UTN/profesores/ ext4 defaults 0 0
EOF'
sudo mount -a
sudo blkid
sudo bash -c 'cat << EOF >> /etc/fstab
UUID=b0da1776-ddf8-4184-bf10-a38ad091f3d2 /Examenes-UTN/alumno_1/parcial_1 ext4 defaults 0 0
UUID=39c10165-5700-4f4a-831a-add84269bb96 /Examenes-UTN/alumno_1/parcial_2 ext4 defaults 0 0
UUID=ca69a617-a24c-4555-93f3-0c5eb762ded1 /Examenes-UTN/alumno_1/parcial_3 ext4 defaults 0 0
UUID=34455b9e-a5f7-402e-aeac7-b6c0dbc36fe0 /Examenes-UTN/alumno_2/parcial_1 ext4 defaults 0 0
UUID=70edbedd-d0fa-4439-b863-66ba7d2f2e06 /Examenes-UTN/alumno_2/parcial_2 ext4 defaults 0 0
UUID=a28df26f-dc65-4e6a-8462-05f91e4b0aee /Examenes-UTN/alumno_2/parcial_3 ext4 defaults 0 0
UUID=6e03a9afb-3c25-4b71-c5f27d4b3d44 /Examenes-UTN/alumno_3/parcial_1 ext4 defaults 0 0
UUID=fb52fc10-8df7-49b8-b36e-ea6d5353487f /Examenes-UTN/alumno_3/parcial_2 ext4 defaults 0 0
UUID=f3677bb7-d26f-4b1b-9de5-244af75c2157 /Examenes-UTN/alumno_3/parcial_3 ext4 defaults 0 0
UUID=fs2fc10-8df7-49b8-b36e-ea6d5353487f /Examenes-UTN/profesores ext4 defaults 0 0
EOF'
sudo mount -a
tree /Examenes-UTN/
sudo cat << EOF >> /etc/fstab
UUID=b0da1776-ddf8-4184-bf10-a38ad091f3d2 /Examenes-UTN/alumno_1/parcial_1 ext4 defaults 0 0
UUID=39c10165-5700-4f4a-831a-add84269bb96 /Examenes-UTN/alumno_1/parcial_2 ext4 defaults 0 0
UUID=ca69a617-a24c-4555-93f3-0c5eb762ded1 /Examenes-UTN/alumno_1/parcial_3 ext4 defaults 0 0
UUID=34455b9e-a5f7-402e-aeac7-b6c0dbc36fe0 /Examenes-UTN/alumno_2/parcial_1 ext4 defaults 0 0
UUID=70edbedd-d0fa-4439-b863-66ba7d2f2e06 /Examenes-UTN/alumno_2/parcial_2 ext4 defaults 0 0
UUID=a28df26f-dc65-4e6a-8462-05f91e4b0aee /Examenes-UTN/alumno_2/parcial_3 ext4 defaults 0 0
UUID=6e03a9afb-3c25-4b71-c5f27d4b3d44 /Examenes-UTN/alumno_3/parcial_1 ext4 defaults 0 0
UUID=fb52fc10-8df7-49b8-b36e-ea6d5353487f /Examenes-UTN/alumno_3/parcial_2 ext4 defaults 0 0
UUID=f3677bb7-d26f-4b1b-9de5-244af75c2157 /Examenes-UTN/alumno_3/parcial_3 ext4 defaults 0 0
UUID=fs2fc10-8df7-49b8-b36e-ea6d5353487f /Examenes-UTN/profesores ext4 defaults 0 0
EOF'

EOF

sudo bash -c 'cat << EOF >> /etc/fstab
UUID=b0da1776-ddf8-4184-bf10-a38ad091f3d2 /Examenes-UTN/alumno_1/parcial_1 ext4 defaults 0 0
UUID=39c10165-5700-4f4a-831a-add84269bb96 /Examenes-UTN/alumno_1/parcial_2 ext4 defaults 0 0
UUID=ca69a617-a24c-4555-93f3-0c5eb762ded1 /Examenes-UTN/alumno_1/parcial_3 ext4 defaults 0 0
UUID=34455b9e-a5f7-402e-aeac7-b6c0dbc36fe0 /Examenes-UTN/alumno_2/parcial_1 ext4 defaults 0 0
UUID=70edbedd-d0fa-4439-b863-66ba7d2f2e06 /Examenes-UTN/alumno_2/parcial_2 ext4 defaults 0 0
UUID=a28df26f-dc65-4e6a-8462-05f91e4b0aee /Examenes-UTN/alumno_2/parcial_3 ext4 defaults 0 0
UUID=6e03a9afb-3c25-4b71-c5f27d4b3d44 /Examenes-UTN/alumno_3/parcial_1 ext4 defaults 0 0
UUID=fb52fc10-8df7-49b8-b36e-ea6d5353487f /Examenes-UTN/alumno_3/parcial_2 ext4 defaults 0 0
UUID=f3677bb7-d26f-4b1b-9de5-244af75c2157 /Examenes-UTN/alumno_3/parcial_3 ext4 defaults 0 0
UUID=fs2fc10-8df7-49b8-b36e-ea6d5353487f /Examenes-UTN/profesores ext4 defaults 0 0
EOF'
sudo mount -a
cat << EOF >> /etc/fstab
UUID=b0da1776-ddf8-4184-bf10-a38ad091f3d2 /Examenes-UTN/alumno_1/parcial_1 ext4 defaults 0 0
UUID=39c10165-5700-4f4a-831a-add84269bb96 /Examenes-UTN/alumno_1/parcial_2 ext4 defaults 0 0
UUID=ca69a617-a24c-4555-93f3-0c5eb762ded1 /Examenes-UTN/alumno_1/parcial_3 ext4 defaults 0 0
UUID=34455b9e-a5f7-402e-aeac7-b6c0dbc36fe0 /Examenes-UTN/alumno_2/parcial_1 ext4 defaults 0 0
UUID=70edbedd-d0fa-4439-b863-66ba7d2f2e06 /Examenes-UTN/alumno_2/parcial_2 ext4 defaults 0 0
UUID=a28df26f-dc65-4e6a-8462-05f91e4b0aee /Examenes-UTN/alumno_2/parcial_3 ext4 defaults 0 0
UUID=6e03a9afb-3c25-4b71-c5f27d4b3d44 /Examenes-UTN/alumno_3/parcial_1 ext4 defaults 0 0
UUID=fb52fc10-8df7-49b8-b36e-ea6d5353487f /Examenes-UTN/alumno_3/parcial_2 ext4 defaults 0 0
UUID=f3677bb7-d26f-4b1b-9de5-244af75c2157 /Examenes-UTN/alumno_3/parcial_3 ext4 defaults 0 0
UUID=fb52fc10-8df7-49b8-b36e-ea6d5353487f /Examenes-UTN/profesores ext4 defaults 0 0
EOF

sudo blkid
sudo cat << EOF >> /etc/fstab
UUID=0d2ccdd9-9557-4200-8cc7-68e79c5629c9 /Examenes-UTN/alumno_1/parcial_1 ext4 defaults 0 0
UUID=b0d1a776-ddf8-4184-bfb0-a388d091f3d2 /Examenes-UTN/alumno_1/parcial_2 ext4 defaults 0 0
UUID=39c11601-5700-4f4a-831a-ad848269b9b6 /Examenes-UTN/alumno_1/parcial_3 ext4 defaults 0 0
UUID=ca69a617-a42c-4555-93f3-0c5ebe762ed1 /Examenes-UTN/alumno_2/parcial_1 ext4 defaults 0 0
UUID=34455b9e-a5f7-402e-aec4-7b60dbc36fe0 /Examenes-UTN/alumno_2/parcial_2 ext4 defaults 0 0
UUID=70de8ded-d0f0-4439-b863-6cba5d72fe26 /Examenes-UTN/alumno_2/parcial_3 ext4 defaults 0 0
UUID=a28df26f-d565-4e6a-8462-09f91e4b0aee /Examenes-UTN/alumno_3/parcial_1 ext4 defaults 0 0
UUID=6e39aafb-3c25-4d54-b7e1-c52f2d7d3da4 /Examenes-UTN/alumno_3/parcial_2 ext4 defaults 0 0
UUID=f52fc10f-d8f7-49b8-bc36-ea6d5354387f /Examenes-UTN/alumno_3/parcial_3 ext4 defaults 0 0
UUID=f367fbb7-d26f-4b1b-9de5-244af75c2157 /Examenes-UTN/profesores/ ext4 defaults 0 0
EOF

sudo blkid
sudo bash -c 'cat << EOF >> /etc/fstab
UUID=0d2ccdd9-9557-4200-8cc7-68e79c5629c9 /Examenes-UTN/alumno_1/parcial_1 ext4 defaults 0 0
UUID=b0d1a776-ddf8-4184-bfb0-a388d091f3d2 /Examenes-UTN/alumno_1/parcial_2 ext4 defaults 0 0
UUID=39c11601-5700-4f4a-831a-ad848269b9b6 /Examenes-UTN/alumno_1/parcial_3 ext4 defaults 0 0
UUID=ca69a617-a42c-4555-93f3-0c5ebe762ed1 /Examenes-UTN/alumno_2/parcial_1 ext4 defaults 0 0
UUID=34455b9e-a5f7-402e-aec4-7b60dbc36fe0 /Examenes-UTN/alumno_2/parcial_2 ext4 defaults 0 0
UUID=70de8ded-d0f0-4439-b863-6cba5d72fe26 /Examenes-UTN/alumno_2/parcial_3 ext4 defaults 0 0
UUID=a28df26f-d565-4e6a-8462-09f91e4b0aee /Examenes-UTN/alumno_3/parcial_1 ext4 defaults 0 0
UUID=6e39aafb-3c25-4d54-b7e1-c52f2d7d3da4 /Examenes-UTN/alumno_3/parcial_2 ext4 defaults 0 0
UUID=f52fc10f-d8f7-49b8-bc36-ea6d5354387f /Examenes-UTN/alumno_3/parcial_3 ext4 defaults 0 0
UUID=f367fbb7-d26f-4b1b-9de5-244af75c2157 /Examenes-UTN/profesores/ ext4 defaults 0 0 
EOF

sudo bash -c 'cat << EOF >> /etc/fstab
> UUID=0d2ccdd9-9557-4200-8cc7-68e79c5629c9 /Examenes-UTN/alumno_1/parcial_1 ext4 defaults 0 0
UUID=b0d1a776-ddf8-4184-bfb0-a388d091f3d2 /Examenes-UTN/alumno_1/parcial_2 ext4 defaults 0 0
UUID=39c11601-5700-4f4a-831a-ad848269b9b6 /Examenes-UTN/alumno_1/parcial_3 ext4 defaults 0 0
UUID=ca69a617-a42c-4555-93f3-0c5ebe762ed1 /Examenes-UTN/alumno_2/parcial_1 ext4 defaults 0 0
UUID=34455b9e-a5f7-402e-aec4-7b60dbc36fe0 /Examenes-UTN/alumno_2/parcial_2 ext4 defaults 0 0
UUID=70de8ded-d0f0-4439-b863-6cba5d72fe26 /Examenes-UTN/alumno_2/parcial_3 ext4 defaults 0 0
UUID=a28df26f-d565-4e6a-8462-09f91e4b0aee /Examenes-UTN/alumno_3/parcial_1 ext4 defaults 0 0
UUID=6e39aafb-3c25-4d54-b7e1-c52f2d7d3da4 /Examenes-UTN/alumno_3/parcial_2 ext4 defaults 0 0
UUID=f52fc10f-d8f7-49b8-bc36-ea6d5354387f /Examenes-UTN/alumno_3/parcial_3 ext4 defaults 0 0
UUID=f367fbb7-d26f-4b1b-9de5-244af75c2157 /Examenes-UTN/profesores/ ext4 defaults 0 0
EOF'
sudo mount -a
sudo cat /etc/fstab
sudo nano /etc/fstab
sudo bash -c 'cat << EOF >> /etc/fstab
UUID=0d2ccdd9-9557-4200-8cc7-68e79c5629c9 /Examenes-UTN/alumno_1/parcial_1 ext4 defaults 0 0
UUID=b0d1a776-ddf8-4184-bfb0-a388d091f3d2 /Examenes-UTN/alumno_1/parcial_2 ext4 defaults 0 0

UUID=ca69a617-a42c-4555-93f3-0c5ebe762ed1 /Examenes-UTN/alumno_2/parcial_1 ext4 defaults 0 0
UUID=34455b9e-a5f7-402e-aec4-7b60dbc36fe0 /Examenes-UTN/alumno_2/parcial_2 ext4 defaults 0 0
UUID=70de8ded-d0f0-4439-b863-6cba5d72fe26 /Examenes-UTN/alumno_2/parcial_3 ext4 defaults 0 0
UUID=a28df26f-d565-4e6a-8462-09f91e4b0aee /Examenes-UTN/alumno_3/parcial_1 ext4 defaults 0 0
UUID=6e39aafb-3c25-4d54-b7e1-c52f2d7d3da4 /Examenes-UTN/alumno_3/parcial_2 ext4 defaults 0 0
UUID=f52fc10f-d8f7-49b8-bc36-ea6d5354387f /Examenes-UTN/alumno_3/parcial_3 ext4 defaults 0 0
UUID=f367fbb7-d26f-4b1b-9de5-244af75c2157 /Examenes-UTN/profesores/ ext4 defaults 0 0
UUID=39c11601-5700-4f4a-831a-ad848269b9b6 /Examenes-UTN/alumno_1/parcial_3 ext4 defaults 0 0
EOF'
sudo mount -a
cat /etc/fstab
sudo nano /etc/fstab
sudo lsblk -f
lsa
ls
cd repogit
ls
cd UTNFRA_SO_1P2C_2024_zucco
ls
RTA_SCRIPT_Examen_20241017
cd RTA_SCRIPT_Examen_20241017
vim Punto_A.sh
ramir@DESKTOP-U6SN749 MINGW64 ~ (master)
$ cd "C:\Users\ramir\OneDrive\Documentos\UTN-FRA_SO_Vagrant\VagrantFiles\1_equipo_pp"
ramir@DESKTOP-U6SN749 MINGW64 ~/OneDrive/Documentos/UTN-FRA_SO_Vagrant/VagrantFiles/1_equipo_pp (master)
$ vagrant ssh
VM must be running to open SSH connection. Run `vagrant up`
to start the virtual machine.
ramir@DESKTOP-U6SN749 MINGW64 ~/OneDrive/Documentos/UTN-FRA_SO_Vagrant/VagrantFiles/1_equipo_pp (master)
$ vagrant up
Bringing machine 'VMParcial' up with 'virtualbox' provider...
==> VMParcial: Checking if box 'ubuntu/jammy64' version '20240823.0.1' is up to date...
==> VMParcial: Resuming suspended VM...
==> VMParcial: Booting VM...
==> VMParcial: Waiting for machine to boot. This may take a few minutes...
==> VMParcial: Machine booted and ready!
==> VMParcial: Machine already provisioned. Run `vagrant provision` or use the `--provision`
==> VMParcial: flag to force provisioning. Provisioners marked to run always will still run.
ramir@DESKTOP-U6SN749 MINGW64 ~/OneDrive/Documentos/UTN-FRA_SO_Vagrant/VagrantFiles/1_equipo_pp (master)
$ vagrant ssh
Welcome to Ubuntu 22.04.4 LTS (GNU/Linux 5.15.0-119-generic x86_64)
Expanded Security Maintenance for Applications is not enabled.
53 updates can be applied immediately.
33 of these updates are standard security updates.
To see these additional updates run: apt list --upgradable
Enable ESM Apps to receive additional future security updates.
See https://ubuntu.com/esm or run: sudo pro status
New release '24.04.1 LTS' available.
Run 'do-release-upgrade' to upgrade to it.
Last login: Thu Oct 17 01:14:21 2024 from 10.0.2.2
vagrant@VMParcial:~$ sudo fdisk /dev/sdc
Welcome to fdisk (util-linux 2.37.2).
Changes will remain in memory only, until you decide to write them.
Be careful before using the write command.
Command (m for help): q
vagrant@VMParcial:~$ sudo fdisk /dev/sdc << EOF
n
p
1

+1G
n
p
2

+1G
n
p
3

+1G
n
e
4


n
l
5

+1G
n
l
6

+1G
n
l
7

+1G
n
l
8

+1G
n
l
9

+1G
n
l
10

+1G
n
l
11F


w
EOF

Welcome to fdisk (util-linux 2.37.2).
Changes will remain in memory only, until you decide to write them.
Be careful before using the write command.
Command (m for help): To create more partitions, first replace a primary with an extended partition.
Command (m for help): Disk /dev/sdc: 10 GiB, 10737418240 bytes, 20971520 sectors
Disk model: HARDDISK
Units: sectors of 1 * 512 = 512 bytes
Sector size (logical/physical): 512 bytes / 512 bytes
I/O size (minimum/optimal): 512 bytes / 512 bytes
Disklabel type: dos
Disk identifier: 0xace23c2c
Device     Boot   Start     End Sectors Size Id Type
/dev/sdc1          2048 2099199 2097152   1G 83 Linux
/dev/sdc2       2099200 4196351 2097152   1G 83 Linux
/dev/sdc3       4196352 6293503 2097152   1G 83 Linux
/dev/sdc4       6293504 8390655 2097152   1G 83 Linux
Command (m for help): 1: unknown command
Command (m for help):
Command (m for help): +: unknown command
Command (m for help):
To create more partitions, first replace a primary with an extended partition.
Command (m for help): Disk /dev/sdc: 10 GiB, 10737418240 bytes, 20971520 sectors
Disk model: HARDDISK
Units: sectors of 1 * 512 = 512 bytes
Sector size (logical/physical): 512 bytes / 512 bytes
I/O size (minimum/optimal): 512 bytes / 512 bytes
Disklabel type: dos
Disk identifier: 0xace23c2c
Device     Boot   Start     End Sectors Size Id Type
/dev/sdc1          2048 2099199 2097152   1G 83 Linux
/dev/sdc2       2099200 4196351 2097152   1G 83 Linux
/dev/sdc3       4196352 6293503 2097152   1G 83 Linux
/dev/sdc4       6293504 8390655 2097152   1G 83 Linux
Command (m for help): 2: unknown command
Command (m for help):
Command (m for help): +: unknown command
Command (m for help):
To create more partitions, first replace a primary with an extended partition.
Command (m for help): Disk /dev/sdc: 10 GiB, 10737418240 bytes, 20971520 sectors
Disk model: HARDDISK
Units: sectors of 1 * 512 = 512 bytes
Sector size (logical/physical): 512 bytes / 512 bytes
I/O size (minimum/optimal): 512 bytes / 512 bytes
Disklabel type: dos
Disk identifier: 0xace23c2c
Device     Boot   Start     End Sectors Size Id Type
/dev/sdc1          2048 2099199 2097152   1G 83 Linux
/dev/sdc2       2099200 4196351 2097152   1G 83 Linux
/dev/sdc3       4196352 6293503 2097152   1G 83 Linux
/dev/sdc4       6293504 8390655 2097152   1G 83 Linux
Command (m for help): 3: unknown command
Command (m for help):
Command (m for help): +: unknown command
Command (m for help):
To create more partitions, first replace a primary with an extended partition.
Command (m for help): e: unknown command
Command (m for help): 4: unknown command
Command (m for help):
To create more partitions, first replace a primary with an extended partition.
Command (m for help):
00 Empty            24 NEC DOS          81 Minix / old Lin  bf Solaris
01 FAT12            27 Hidden NTFS Win  82 Linux swap / So  c1 DRDOS/sec (FAT-
02 XENIX root       39 Plan 9           83 Linux            c4 DRDOS/sec (FAT-
03 XENIX usr        3c PartitionMagic   84 OS/2 hidden or   c6 DRDOS/sec (FAT-
04 FAT16 <32M       40 Venix 80286      85 Linux extended   c7 Syrinx
05 Extended         41 PPC PReP Boot    86 NTFS volume set  da Non-FS data
06 FAT16            42 SFS              87 NTFS volume set  db CP/M / CTOS / .
07 HPFS/NTFS/exFAT  4d QNX4.x           88 Linux plaintext  de Dell Utility
08 AIX              4e QNX4.x 2nd part  8e Linux LVM        df BootIt
09 AIX bootable     4f QNX4.x 3rd part  93 Amoeba           e1 DOS access
0a OS/2 Boot Manag  50 OnTrack DM       94 Amoeba BBT       e3 DOS R/O
0b W95 FAT32        51 OnTrack DM6 Aux  9f BSD/OS           e4 SpeedStor
0c W95 FAT32 (LBA)  52 CP/M             a0 IBM Thinkpad hi  ea Linux extended
0e W95 FAT16 (LBA)  53 OnTrack DM6 Aux  a5 FreeBSD          eb BeOS fs
0f W95 Ext'd (LBA)  54 OnTrackDM6       a6 OpenBSD          ee GPT
10 OPUS             55 EZ-Drive         a7 NeXTSTEP         ef EFI (FAT-12/16/
11 Hidden FAT12     56 Golden Bow       a8 Darwin UFS       f0 Linux/PA-RISC b
12 Compaq diagnost  5c Priam Edisk      a9 NetBSD           f1 SpeedStor
14 Hidden FAT16 <3  61 SpeedStor        ab Darwin boot      f4 SpeedStor
16 Hidden FAT16     63 GNU HURD or Sys  af HFS / HFS+       f2 DOS secondary
17 Hidden HPFS/NTF  64 Novell Netware   b7 BSDI fs          fb VMware VMFS
18 AST SmartSleep   65 Novell Netware   b8 BSDI swap        fc VMware VMKCORE
1b Hidden W95 FAT3  70 DiskSecure Mult  bb Boot Wizard hid  fd Linux raid auto
1c Hidden W95 FAT3  75 PC/IX            bc Acronis FAT32 L  fe LANstep
1e Hidden W95 FAT1  80 Old Minix        be Solaris boot     ff BBT

Aliases:
   linux          - 83
   swap           - 82
   extended       - 05
   uefi           - EF
   raid           - FD
   lvm            - 8E
   linuxex        - 85

Command (m for help): 5: unknown command

Command (m for help):

Command (m for help): +: unknown command

Command (m for help):
To create more partitions, first replace a primary with an extended partition.

Command (m for help):
00 Empty            24 NEC DOS          81 Minix / old Lin  bf Solaris
01 FAT12            27 Hidden NTFS Win  82 Linux swap / So  c1 DRDOS/sec (FAT-
02 XENIX root       39 Plan 9           83 Linux            c4 DRDOS/sec (FAT-
03 XENIX usr        3c PartitionMagic   84 OS/2 hidden or   c6 DRDOS/sec (FAT-
04 FAT16 <32M       40 Venix 80286      85 Linux extended   c7 Syrinx
05 Extended         41 PPC PReP Boot    86 NTFS volume set  da Non-FS data
06 FAT16            42 SFS              87 NTFS volume set  db CP/M / CTOS / .
07 HPFS/NTFS/exFAT  4d QNX4.x           88 Linux plaintext  de Dell Utility
08 AIX              4e QNX4.x 2nd part  8e Linux LVM        df BootIt
09 AIX bootable     4f QNX4.x 3rd part  93 Amoeba           e1 DOS access
0a OS/2 Boot Manag  50 OnTrack DM       94 Amoeba BBT       e3 DOS R/O
0b W95 FAT32        51 OnTrack DM6 Aux  9f BSD/OS           e4 SpeedStor
0c W95 FAT32 (LBA)  52 CP/M             a0 IBM Thinkpad hi  ea Linux extended
0e W95 FAT16 (LBA)  53 OnTrack DM6 Aux  a5 FreeBSD          eb BeOS fs
0f W95 Ext'd (LBA)  54 OnTrackDM6       a6 OpenBSD          ee GPT
10 OPUS             55 EZ-Drive         a7 NeXTSTEP         ef EFI (FAT-12/16/
11 Hidden FAT12     56 Golden Bow       a8 Darwin UFS       f0 Linux/PA-RISC b
12 Compaq diagnost  5c Priam Edisk      a9 NetBSD           f1 SpeedStor
14 Hidden FAT16 <3  61 SpeedStor        ab Darwin boot      f4 SpeedStor
16 Hidden FAT16     63 GNU HURD or Sys  af HFS / HFS+       f2 DOS secondary
17 Hidden HPFS/NTF  64 Novell Netware   b7 BSDI fs          fb VMware VMFS
18 AST SmartSleep   65 Novell Netware   b8 BSDI swap        fc VMware VMKCORE
1b Hidden W95 FAT3  70 DiskSecure Mult  bb Boot Wizard hid  fd Linux raid auto
1c Hidden W95 FAT3  75 PC/IX            bc Acronis FAT32 L  fe LANstep
1e Hidden W95 FAT1  80 Old Minix        be Solaris boot     ff BBT
Aliases:
Command (m for help): 6: unknown command
Command (m for help):
Command (m for help): +: unknown command
Command (m for help):
To create more partitions, first replace a primary with an extended partition.
Command (m for help):
00 Empty            24 NEC DOS          81 Minix / old Lin  bf Solaris
01 FAT12            27 Hidden NTFS Win  82 Linux swap / So  c1 DRDOS/sec (FAT-
02 XENIX root       39 Plan 9           83 Linux            c4 DRDOS/sec (FAT-
03 XENIX usr        3c PartitionMagic   84 OS/2 hidden or   c6 DRDOS/sec (FAT-
04 FAT16 <32M       40 Venix 80286      85 Linux extended   c7 Syrinx
05 Extended         41 PPC PReP Boot    86 NTFS volume set  da Non-FS data
06 FAT16            42 SFS              87 NTFS volume set  db CP/M / CTOS / .
07 HPFS/NTFS/exFAT  4d QNX4.x           88 Linux plaintext  de Dell Utility
08 AIX              4e QNX4.x 2nd part  8e Linux LVM        df BootIt
09 AIX bootable     4f QNX4.x 3rd part  93 Amoeba           e1 DOS access
0a OS/2 Boot Manag  50 OnTrack DM       94 Amoeba BBT       e3 DOS R/O
0b W95 FAT32        51 OnTrack DM6 Aux  9f BSD/OS           e4 SpeedStor
0c W95 FAT32 (LBA)  52 CP/M             a0 IBM Thinkpad hi  ea Linux extended
0e W95 FAT16 (LBA)  53 OnTrack DM6 Aux  a5 FreeBSD          eb BeOS fs
0f W95 Ext'd (LBA)  54 OnTrackDM6       a6 OpenBSD          ee GPT
10 OPUS             55 EZ-Drive         a7 NeXTSTEP         ef EFI (FAT-12/16/
11 Hidden FAT12     56 Golden Bow       a8 Darwin UFS       f0 Linux/PA-RISC b
12 Compaq diagnost  5c Priam Edisk      a9 NetBSD           f1 SpeedStor
14 Hidden FAT16 <3  61 SpeedStor        ab Darwin boot      f4 SpeedStor
16 Hidden FAT16     63 GNU HURD or Sys  af HFS / HFS+       f2 DOS secondary
17 Hidden HPFS/NTF  64 Novell Netware   b7 BSDI fs          fb VMware VMFS
18 AST SmartSleep   65 Novell Netware   b8 BSDI swap        fc VMware VMKCORE
1b Hidden W95 FAT3  70 DiskSecure Mult  bb Boot Wizard hid  fd Linux raid auto
1c Hidden W95 FAT3  75 PC/IX            bc Acronis FAT32 L  fe LANstep
1e Hidden W95 FAT1  80 Old Minix        be Solaris boot     ff BBT

Aliases:
   linux          - 83
   swap           - 82
   extended       - 05
   uefi           - EF
   raid           - FD
   lvm            - 8E
   linuxex        - 85

Command (m for help): 7: unknown command

Command (m for help):

Command (m for help): +: unknown command

Command (m for help):
To create more partitions, first replace a primary with an extended partition.

Command (m for help):
00 Empty            24 NEC DOS          81 Minix / old Lin  bf Solaris
01 FAT12            27 Hidden NTFS Win  82 Linux swap / So  c1 DRDOS/sec (FAT-
02 XENIX root       39 Plan 9           83 Linux            c4 DRDOS/sec (FAT-
03 XENIX usr        3c PartitionMagic   84 OS/2 hidden or   c6 DRDOS/sec (FAT-
04 FAT16 <32M       40 Venix 80286      85 Linux extended   c7 Syrinx
05 Extended         41 PPC PReP Boot    86 NTFS volume set  da Non-FS data
06 FAT16            42 SFS              87 NTFS volume set  db CP/M / CTOS / .
07 HPFS/NTFS/exFAT  4d QNX4.x           88 Linux plaintext  de Dell Utility
08 AIX              4e QNX4.x 2nd part  8e Linux LVM        df BootIt
09 AIX bootable     4f QNX4.x 3rd part  93 Amoeba           e1 DOS access
0a OS/2 Boot Manag  50 OnTrack DM       94 Amoeba BBT       e3 DOS R/O
0b W95 FAT32        51 OnTrack DM6 Aux  9f BSD/OS           e4 SpeedStor
0c W95 FAT32 (LBA)  52 CP/M             a0 IBM Thinkpad hi  ea Linux extended
0e W95 FAT16 (LBA)  53 OnTrack DM6 Aux  a5 FreeBSD          eb BeOS fs
0f W95 Ext'd (LBA)  54 OnTrackDM6       a6 OpenBSD          ee GPT
10 OPUS             55 EZ-Drive         a7 NeXTSTEP         ef EFI (FAT-12/16/
11 Hidden FAT12     56 Golden Bow       a8 Darwin UFS       f0 Linux/PA-RISC b
12 Compaq diagnost  5c Priam Edisk      a9 NetBSD           f1 SpeedStor
14 Hidden FAT16 <3  61 SpeedStor        ab Darwin boot      f4 SpeedStor
16 Hidden FAT16     63 GNU HURD or Sys  af HFS / HFS+       f2 DOS secondary
17 Hidden HPFS/NTF  64 Novell Netware   b7 BSDI fs          fb VMware VMFS
18 AST SmartSleep   65 Novell Netware   b8 BSDI swap        fc VMware VMKCORE
1b Hidden W95 FAT3  70 DiskSecure Mult  bb Boot Wizard hid  fd Linux raid auto
1c Hidden W95 FAT3  75 PC/IX            bc Acronis FAT32 L  fe LANstep
1e Hidden W95 FAT1  80 Old Minix        be Solaris boot     ff BBT
Aliases:
Command (m for help): 8: unknown command
Command (m for help):
Command (m for help): +: unknown command
Command (m for help):
To create more partitions, first replace a primary with an extended partition.
Command (m for help):
00 Empty            24 NEC DOS          81 Minix / old Lin  bf Solaris
01 FAT12            27 Hidden NTFS Win  82 Linux swap / So  c1 DRDOS/sec (FAT-
02 XENIX root       39 Plan 9           83 Linux            c4 DRDOS/sec (FAT-
03 XENIX usr        3c PartitionMagic   84 OS/2 hidden or   c6 DRDOS/sec (FAT-
04 FAT16 <32M       40 Venix 80286      85 Linux extended   c7 Syrinx
05 Extended         41 PPC PReP Boot    86 NTFS volume set  da Non-FS data
06 FAT16            42 SFS              87 NTFS volume set  db CP/M / CTOS / .
07 HPFS/NTFS/exFAT  4d QNX4.x           88 Linux plaintext  de Dell Utility
08 AIX              4e QNX4.x 2nd part  8e Linux LVM        df BootIt
09 AIX bootable     4f QNX4.x 3rd part  93 Amoeba           e1 DOS access
0a OS/2 Boot Manag  50 OnTrack DM       94 Amoeba BBT       e3 DOS R/O
0b W95 FAT32        51 OnTrack DM6 Aux  9f BSD/OS           e4 SpeedStor
0c W95 FAT32 (LBA)  52 CP/M             a0 IBM Thinkpad hi  ea Linux extended
0e W95 FAT16 (LBA)  53 OnTrack DM6 Aux  a5 FreeBSD          eb BeOS fs
0f W95 Ext'd (LBA)  54 OnTrackDM6       a6 OpenBSD          ee GPT
10 OPUS             55 EZ-Drive         a7 NeXTSTEP         ef EFI (FAT-12/16/
11 Hidden FAT12     56 Golden Bow       a8 Darwin UFS       f0 Linux/PA-RISC b
12 Compaq diagnost  5c Priam Edisk      a9 NetBSD           f1 SpeedStor
14 Hidden FAT16 <3  61 SpeedStor        ab Darwin boot      f4 SpeedStor
16 Hidden FAT16     63 GNU HURD or Sys  af HFS / HFS+       f2 DOS secondary
17 Hidden HPFS/NTF  64 Novell Netware   b7 BSDI fs          fb VMware VMFS
18 AST SmartSleep   65 Novell Netware   b8 BSDI swap        fc VMware VMKCORE
1b Hidden W95 FAT3  70 DiskSecure Mult  bb Boot Wizard hid  fd Linux raid auto
1c Hidden W95 FAT3  75 PC/IX            bc Acronis FAT32 L  fe LANstep
1e Hidden W95 FAT1  80 Old Minix        be Solaris boot     ff BBT

Aliases:
   linux          - 83
   swap           - 82
   extended       - 05
   uefi           - EF
   raid           - FD
   lvm            - 8E
   linuxex        - 85

Command (m for help): 9: unknown command

Command (m for help):

Command (m for help): +: unknown command

Command (m for help):
To create more partitions, first replace a primary with an extended partition.

Command (m for help):
00 Empty            24 NEC DOS          81 Minix / old Lin  bf Solaris
01 FAT12            27 Hidden NTFS Win  82 Linux swap / So  c1 DRDOS/sec (FAT-
02 XENIX root       39 Plan 9           83 Linux            c4 DRDOS/sec (FAT-
03 XENIX usr        3c PartitionMagic   84 OS/2 hidden or   c6 DRDOS/sec (FAT-
04 FAT16 <32M       40 Venix 80286      85 Linux extended   c7 Syrinx
05 Extended         41 PPC PReP Boot    86 NTFS volume set  da Non-FS data
06 FAT16            42 SFS              87 NTFS volume set  db CP/M / CTOS / .
07 HPFS/NTFS/exFAT  4d QNX4.x           88 Linux plaintext  de Dell Utility
08 AIX              4e QNX4.x 2nd part  8e Linux LVM        df BootIt
09 AIX bootable     4f QNX4.x 3rd part  93 Amoeba           e1 DOS access
0a OS/2 Boot Manag  50 OnTrack DM       94 Amoeba BBT       e3 DOS R/O
0b W95 FAT32        51 OnTrack DM6 Aux  9f BSD/OS           e4 SpeedStor
0c W95 FAT32 (LBA)  52 CP/M             a0 IBM Thinkpad hi  ea Linux extended
0e W95 FAT16 (LBA)  53 OnTrack DM6 Aux  a5 FreeBSD          eb BeOS fs
0f W95 Ext'd (LBA)  54 OnTrackDM6       a6 OpenBSD          ee GPT
10 OPUS             55 EZ-Drive         a7 NeXTSTEP         ef EFI (FAT-12/16/
11 Hidden FAT12     56 Golden Bow       a8 Darwin UFS       f0 Linux/PA-RISC b
12 Compaq diagnost  5c Priam Edisk      a9 NetBSD           f1 SpeedStor
14 Hidden FAT16 <3  61 SpeedStor        ab Darwin boot      f4 SpeedStor
16 Hidden FAT16     63 GNU HURD or Sys  af HFS / HFS+       f2 DOS secondary
17 Hidden HPFS/NTF  64 Novell Netware   b7 BSDI fs          fb VMware VMFS
18 AST SmartSleep   65 Novell Netware   b8 BSDI swap        fc VMware VMKCORE
1b Hidden W95 FAT3  70 DiskSecure Mult  bb Boot Wizard hid  fd Linux raid auto
1c Hidden W95 FAT3  75 PC/IX            bc Acronis FAT32 L  fe LANstep
1e Hidden W95 FAT1  80 Old Minix        be Solaris boot     ff BBT
Aliases:
Command (m for help): 1: unknown command
Command (m for help):
Command (m for help): +: unknown command
Command (m for help):
To create more partitions, first replace a primary with an extended partition.
Command (m for help):
00 Empty            24 NEC DOS          81 Minix / old Lin  bf Solaris
01 FAT12            27 Hidden NTFS Win  82 Linux swap / So  c1 DRDOS/sec (FAT-
02 XENIX root       39 Plan 9           83 Linux            c4 DRDOS/sec (FAT-
03 XENIX usr        3c PartitionMagic   84 OS/2 hidden or   c6 DRDOS/sec (FAT-
04 FAT16 <32M       40 Venix 80286      85 Linux extended   c7 Syrinx
05 Extended         41 PPC PReP Boot    86 NTFS volume set  da Non-FS data
06 FAT16            42 SFS              87 NTFS volume set  db CP/M / CTOS / .
07 HPFS/NTFS/exFAT  4d QNX4.x           88 Linux plaintext  de Dell Utility
08 AIX              4e QNX4.x 2nd part  8e Linux LVM        df BootIt
09 AIX bootable     4f QNX4.x 3rd part  93 Amoeba           e1 DOS access
0a OS/2 Boot Manag  50 OnTrack DM       94 Amoeba BBT       e3 DOS R/O
0b W95 FAT32        51 OnTrack DM6 Aux  9f BSD/OS           e4 SpeedStor
0c W95 FAT32 (LBA)  52 CP/M             a0 IBM Thinkpad hi  ea Linux extended
0e W95 FAT16 (LBA)  53 OnTrack DM6 Aux  a5 FreeBSD          eb BeOS fs
0f W95 Ext'd (LBA)  54 OnTrackDM6       a6 OpenBSD          ee GPT
10 OPUS             55 EZ-Drive         a7 NeXTSTEP         ef EFI (FAT-12/16/
11 Hidden FAT12     56 Golden Bow       a8 Darwin UFS       f0 Linux/PA-RISC b
12 Compaq diagnost  5c Priam Edisk      a9 NetBSD           f1 SpeedStor
14 Hidden FAT16 <3  61 SpeedStor        ab Darwin boot      f4 SpeedStor
16 Hidden FAT16     63 GNU HURD or Sys  af HFS / HFS+       f2 DOS secondary
17 Hidden HPFS/NTF  64 Novell Netware   b7 BSDI fs          fb VMware VMFS
18 AST SmartSleep   65 Novell Netware   b8 BSDI swap        fc VMware VMKCORE
1b Hidden W95 FAT3  70 DiskSecure Mult  bb Boot Wizard hid  fd Linux raid auto
1c Hidden W95 FAT3  75 PC/IX            bc Acronis FAT32 L  fe LANstep
1e Hidden W95 FAT1  80 Old Minix        be Solaris boot     ff BBT

Aliases:
   linux          - 83
   swap           - 82
   extended       - 05
   uefi           - EF
   raid           - FD
   lvm            - 8E
   linuxex        - 85

Command (m for help): 1: unknown command

Command (m for help):

Command (m for help):

Command (m for help):
The partition table has been altered.
Calling ioctl() to re-read partition table.
Syncing disks.

vagrant@VMParcial:~$ sudo fdisk /dev/sdc

Welcome to fdisk (util-linux 2.37.2).
Changes will remain in memory only, until you decide to write them.
Be careful before using the write command.


Command (m for help): p
Disk /dev/sdc: 10 GiB, 10737418240 bytes, 20971520 sectors
Disk model: HARDDISK
Units: sectors of 1 * 512 = 512 bytes
Sector size (logical/physical): 512 bytes / 512 bytes
I/O size (minimum/optimal): 512 bytes / 512 bytes
Disklabel type: dos
Disk identifier: 0xace23c2c

Device     Boot   Start     End Sectors Size Id Type
/dev/sdc1          2048 2099199 2097152   1G 83 Linux
/dev/sdc2       2099200 4196351 2097152   1G 83 Linux
/dev/sdc3       4196352 6293503 2097152   1G 83 Linux
/dev/sdc4       6293504 8390655 2097152   1G 83 Linux

Command (m for help): m

Help:

  DOS (MBR)
   a   toggle a bootable flag
   b   edit nested BSD disklabel
   c   toggle the dos compatibility flag

  Generic
   d   delete a partition
   F   list free unpartitioned space
   l   list known partition types
   n   add a new partition
   p   print the partition table
   t   change a partition type
   v   verify the partition table
   i   print information about a partition

  Misc
   m   print this menu
   u   change display/entry units
   x   extra functionality (experts only)

  Script
   I   load disk layout from sfdisk script file
   O   dump disk layout to sfdisk script file

  Save & Exit
   w   write table to disk and exit
   q   quit without saving changes

  Create a new label
   g   create a new empty GPT partition table
   G   create a new empty SGI (IRIX) partition table
   o   create a new empty DOS partition table
   s   create a new empty Sun partition table


Command (m for help): d
Partition number (1-4, default 4):

Partition 4 has been deleted.

Command (m for help): d
Partition number (1-3, default 3):

Partition 3 has been deleted.

Command (m for help): d
Partition number (1,2, default 2):

Partition 2 has been deleted.

Command (m for help): d
Selected partition 1
Partition 1 has been deleted.

Command (m for help): d
No partition is defined yet!

Command (m for help): q

vagrant@VMParcial:~$ sudo fdisk /dev/sdc << EOF
n
p
1

+1G
n
p
2

+1G
n
p
3

+1G
n
e
4


n
l
5

+1G
n
l
6

+1G
n
l
7

+1G
n
l
8

+1G
n
l
9

+1G
n
l
10

+1G
n
l
11


w
EOF

Welcome to fdisk (util-linux 2.37.2).
Changes will remain in memory only, until you decide to write them.
Be careful before using the write command.


Command (m for help): To create more partitions, first replace a primary with an extended partition.

Command (m for help): Disk /dev/sdc: 10 GiB, 10737418240 bytes, 20971520 sectors
Disk model: HARDDISK
Units: sectors of 1 * 512 = 512 bytes
Sector size (logical/physical): 512 bytes / 512 bytes
I/O size (minimum/optimal): 512 bytes / 512 bytes
Disklabel type: dos
Disk identifier: 0xace23c2c

Device     Boot   Start     End Sectors Size Id Type
/dev/sdc1          2048 2099199 2097152   1G 83 Linux
/dev/sdc2       2099200 4196351 2097152   1G 83 Linux
/dev/sdc3       4196352 6293503 2097152   1G 83 Linux
/dev/sdc4       6293504 8390655 2097152   1G 83 Linux

Command (m for help): 1: unknown command

Command (m for help):

Command (m for help): +: unknown command

Command (m for help):
To create more partitions, first replace a primary with an extended partition.

Command (m for help): Disk /dev/sdc: 10 GiB, 10737418240 bytes, 20971520 sectors
Disk model: HARDDISK
Units: sectors of 1 * 512 = 512 bytes
Sector size (logical/physical): 512 bytes / 512 bytes
I/O size (minimum/optimal): 512 bytes / 512 bytes
Disklabel type: dos
Disk identifier: 0xace23c2c

Device     Boot   Start     End Sectors Size Id Type
/dev/sdc1          2048 2099199 2097152   1G 83 Linux
/dev/sdc2       2099200 4196351 2097152   1G 83 Linux
/dev/sdc3       4196352 6293503 2097152   1G 83 Linux
/dev/sdc4       6293504 8390655 2097152   1G 83 Linux

Command (m for help): 2: unknown command

Command (m for help):

Command (m for help): +: unknown command

Command (m for help):
To create more partitions, first replace a primary with an extended partition.

Command (m for help): Disk /dev/sdc: 10 GiB, 10737418240 bytes, 20971520 sectors
Disk model: HARDDISK
Units: sectors of 1 * 512 = 512 bytes
Sector size (logical/physical): 512 bytes / 512 bytes
I/O size (minimum/optimal): 512 bytes / 512 bytes
Disklabel type: dos
Disk identifier: 0xace23c2c

Device     Boot   Start     End Sectors Size Id Type
/dev/sdc1          2048 2099199 2097152   1G 83 Linux
/dev/sdc2       2099200 4196351 2097152   1G 83 Linux
/dev/sdc3       4196352 6293503 2097152   1G 83 Linux
/dev/sdc4       6293504 8390655 2097152   1G 83 Linux

Command (m for help): 3: unkno

EOF'
vim Punto_A.sh
vim Punto_B.sh
git status
cd ..
git  status
git add .
lsa
ls
git commit -m "Particionamiento y montaje punto b realizado"
git push origin main
cd
sudo groupadd p1c2_2024_gAlumno
sudo groupadd p1c2_2024_gProfesores
sudo su
history
useradd -m -s /bin/bash -G p1c2_2024_gAlumno -p "$(grep vagrant /etc/shadow | awk -F ':' '{print$2}')" p1c2_2024_a1
useradd -m -s /bin/bash -G p1c2_2024_gAlumno -p "$(grep vagrant /etc/shadow | awk -F ':' '{print$2}')" p1c2_2024_A2
useradd -m -s /bin/bash -G p1c2_2024_gAlumno -p "$(grep vagrant /etc/shadow | awk -F ':' '{print$2}')" p1c2_2024_A3
useradd -m -s /bin/bash -G p1c2_2024_gProfesores -p "$(grep vagrant /etc/shadow | awk -F ':' '{print$2}')" p1c2_2024_P1
sudo chown p1c2_2024_a1 /Examenes-UTN/alumno_1
sudo chown :p1c2_2024_a1 /Examenes-UTN/alumno_1
sudo chown p1c2_2024_A2 /Examenes-UTN/alumno_2
sudo chown :p1c2_2024_A2 /Examenes-UTN/alumno_2
sudo chown p1c2_2024_A3 /Examenes-UTN/alumno_3
sudo chown :p1c2_2024_A3 /Examenes-UTN/alumno_3
sudo chown p1c2_2024_P1 /Examenes-UTN/profesor/
sudo chown :p1c2_2024_gProfesores /Examenes-UTN/profesores/
sudo chown p1c2_2024_a1 /Examenes-UTN/alumno_1
sudo chown :p1c2_2024_a1 /Examenes-UTN/alumno_1
sudo chown p1c2_2024_A2 /Examenes-UTN/alumno_2
sudo chown :p1c2_2024_A2 /Examenes-UTN/alumno_2
sudo chown p1c2_2024_A3 /Examenes-UTN/alumno_3
sudo chown :p1c2_2024_A3 /Examenes-UTN/alumno_3
sudo chown p1c2_2024_P1 /Examenes-UTN/profesores/
sudo chown :p1c2_2024_gProfesores /Examenes-UTN/profesores/
sudo chmod 750 /Examenes-UTN/alumno_1
sudo chmod 760 /Examenes-UTN/alumno_2
sudo chmod 700 /Examenes-UTN/alumno_3
sudo chmod 775 /Examenes-UTN/profesor/
sudo chmod 750 /Examenes-UTN/alumno_1
sudo chmod 760 /Examenes-UTN/alumno_2
sudo chmod 700 /Examenes-UTN/alumno_3
sudo chmod 775 /Examenes-UTN/profesores/
su -c "whoami > /Examenes-UTN/alumno_1/validar.txt" p1c2_2024_a1
vagrant
cat validar.txt
su -c "whoami > /Examenes-UTN/alumno_1/validar.txt" p1c2_2024_a1
su -c "whoami > /Examenes-UTN/alumno_2/validar.txt" p1c2_2024_A2
su -c "whoami > /Examenes-UTN/profesor/validar.txt" p1c2_2024_A3
su -c "whoami > /Examenes-UTN/profesores/validar.txt" p1c2_2024_A3
su -c "whoami > /Examenes-UTN/alumno_3/validar.txt" p1c2_2024_A3
su -c "whoami > /Examenes-UTN/profesores/validar.txt" p1c2_2024_P1
ls
cd repogit
ls
cd UTNFRA_SO_1P2C_2024_zucco
ls
RTA_SCRIPT_Examen_20241017
cd RTA_SCRIPT_Examen_20241017
ls
vim Punto_C.sh
cat Punto_C.sh
cd ..
git status
cd UTNFRA_SO_1P2C_2024_zucco
git status
git commit -m "Usuarios creados y Permisos ajustados del Punto C"
git add .
git commit -m "Usuarios creados y Permisos ajustados del Punto C"
git push origin main
ls
git push origin main
git pull origin main
ls
cd RTA_SCRIPT_Examen_20241017
git push origin main
cd ..
git pull --no-rebase
git push origin main
mkdir -p Estructura_Asimetrica/{{correo,cliente}/cartas_{1..100},correo/carteros_{1..10}}
ls
cd
mkdir -p Estructura_Asimetrica/{{correo,cliente}/cartas_{1..100},correo/carteros_{1..10}}
tree Estructura_Asimetrica/ --noreport | pr -T -s' ' -w 80 --column 4
ls
repogit
cd repogit
ls
UTNFRA_SO_1P2C_2024_zucco
cd UTNFRA_SO_1P2C_2024_zucco
ls
git add . 
git status
cd RTA_SCRIPT_Examen_20241017
ls
vim Punto_D.sh
cd ..
git add .
git status
git commit -m "Estructura_Asimetrica creada"
git push origin main
ls
cd RTA_ARCHIVOS_Examen_20241017
grep MemTotal /proc/meminfo
grep MemTotal /proc/meminfo > repogit/UTNFRA_SO_1P2C_2024_zucco/RTA_ARCHIVOS_Examen_20241017/Filtro_Basico.txt
sudo grep MemTotal /proc/meminfo > Filtro_Basico.txt
cat Filtro_Basico.txt
sudo dmidecode -t chassis
sudo dmidecode -t chassis | grep -A1 "Chassis Information" > Filtro_Basico.txt
cat Filtro_Basico.txt
cd ..
ls
cd RTA_SCRIPT_Examen_20241017
ls
vim Punto_E.sh
cd ..
git status
git add .
git commit -m "Filtros Basicos Punto E realizado"
git push origin main
ls
cd RTA_ARCHIVOS_Examen_20241017
echo "Mi IP Publica es: $(curl -s ifconfig.me)" > Filtro_Avanzado.txt
echo "Mi usuario es:$(whoami)" > Filtro_Avanzado.txt
echo "El Hash de mi Usuario es: $(grep vagrant /etc/shadow | awk -F ':' '{print$2}')" > Filtro_Avanzado.txt
cat Filtro_Avanzado.txt
cat Filtro_Avanzado
cat Filtro_Avanzado.txt
IP_Publica=$(curl -s ifconfig.me)
Usuario=$(whoami)
Hash_Usuario=$(echo -n $Usuario | sha256sum)
URL_Repositorio=$(git remote get-url origin)
echo "Mi IP Publica es: $IP_Publica" > Filtro_Avanzado.txt
echo "Mi usuario es: $Usuario" >> Filtro_Avanzado.txt
echo "El Hash de mi Usuario es: $Hash_Usuario" >> Filtro_Avanzado.txt
echo "La URL de mi repositorio es: $URL_Repositorio" >> Filtro_Avanzado.txt
Filtro_Avanzado.txt
cat Filtro_Avanzado.txt
cd ..
ls
cd RTA_SCRIPT_Examen_20241017
cd
cd /repogit/UTNFRA_SO_1P2C_2024_zucco/RTA_SCRIPT_Examen_20241017
cd repogit
cd UTNFRA_SO_1P2C_2024_zucco
cd RTA_SCRIPT_Examen_20241017
ls
vim Punto_F.sh
cd ..
git status
git add . 
git commit -m "Filtro_Avanzado creado Punto F"
git push origin main
ls
cat EOF README.md
cat  EOF  README.md
Nombre: Ramiro
Apellido: Zucco Valizia
Legajo: 113799
Division: 114
EOF
vim README.md
cat README.md
git status
git add .
git commit -m "README modificado"
cd
ramir@DESKTOP-U6SN749 MINGW64 ~ (master)
$ cd "C:\Users\ramir\OneDrive\Documentos\UTN-FRA_SO_Vagrant\VagrantFiles\1_equipo_pp"
ramir@DESKTOP-U6SN749 MINGW64 ~/OneDrive/Documentos/UTN-FRA_SO_Vagrant/VagrantFiles/1_equipo_pp (master)
$ vagrant ssh
VM must be running to open SSH connection. Run `vagrant up`
to start the virtual machine.
ramir@DESKTOP-U6SN749 MINGW64 ~/OneDrive/Documentos/UTN-FRA_SO_Vagrant/VagrantFiles/1_equipo_pp (master)
$ vagrant up
Bringing machine 'VMParcial' up with 'virtualbox' provider...
==> VMParcial: Checking if box 'ubuntu/jammy64' version '20240823.0.1' is up to date...
==> VMParcial: Resuming suspended VM...
==> VMParcial: Booting VM...
==> VMParcial: Waiting for machine to boot. This may take a few minutes...
==> VMParcial: Machine booted and ready!
==> VMParcial: Machine already provisioned. Run `vagrant provision` or use the `--provision`
==> VMParcial: flag to force provisioning. Provisioners marked to run always will still run.
ramir@DESKTOP-U6SN749 MINGW64 ~/OneDrive/Documentos/UTN-FRA_SO_Vagrant/VagrantFiles/1_equipo_pp (master)
$ vagrant ssh
Welcome to Ubuntu 22.04.4 LTS (GNU/Linux 5.15.0-119-generic x86_64)
Expanded Security Maintenance for Applications is not enabled.
53 updates can be applied immediately.
33 of these updates are standard security updates.
To see these additional updates run: apt list --upgradable
Enable ESM Apps to receive additional future security updates.
See https://ubuntu.com/esm or run: sudo pro status
New release '24.04.1 LTS' available.
Run 'do-release-upgrade' to upgrade to it.
Last login: Thu Oct 17 01:14:21 2024 from 10.0.2.2
vagrant@VMParcial:~$ sudo fdisk /dev/sdc
Welcome to fdisk (util-linux 2.37.2).
Changes will remain in memory only, until you decide to write them.
Be careful before using the write command.
Command (m for help): q
vagrant@VMParcial:~$ sudo fdisk /dev/sdc << EOF
n
p
1

+1G
n
p
2

+1G
n
p
3

+1G
n
e
4


n
l
5

+1G
n
l
6

+1G
n
l
7

+1G
n
l
8

+1G
n
l
9

+1G
n
l
10

+1G
n
l
11F


w
EOF

Welcome to fdisk (util-linux 2.37.2).
Changes will remain in memory only, until you decide to write them.
Be careful before using the write command.
Command (m for help): To create more partitions, first replace a primary with an extended partition.
Command (m for help): Disk /dev/sdc: 10 GiB, 10737418240 bytes, 20971520 sectors
Disk model: HARDDISK
Units: sectors of 1 * 512 = 512 bytes
Sector size (logical/physical): 512 bytes / 512 bytes
I/O size (minimum/optimal): 512 bytes / 512 bytes
Disklabel type: dos
Disk identifier: 0xace23c2c
Device     Boot   Start     End Sectors Size Id Type
/dev/sdc1          2048 2099199 2097152   1G 83 Linux
/dev/sdc2       2099200 4196351 2097152   1G 83 Linux
/dev/sdc3       4196352 6293503 2097152   1G 83 Linux
/dev/sdc4       6293504 8390655 2097152   1G 83 Linux
Command (m for help): 1: unknown command
Command (m for help):
Command (m for help): +: unknown command
Commdsifjsdjds
history -a
history
